// Jest Snapshot v1, https://goo.gl/fbAQLP

exports[`Home should render HOME correctly 1`] = `ShallowWrapper {}`;
