// Jest Snapshot v1, https://goo.gl/fbAQLP

exports[`Play should render App correctly 1`] = `ShallowWrapper {}`;
